E:\5\cinema-ticket-booking-system-main\backend\src\main\java\com\cinema\backend\controllers\SeatController.java
E:\5\cinema-ticket-booking-system-main\backend\src\main\java\com\cinema\backend\services\SeatService.java
E:\5\cinema-ticket-booking-system-main\backend\src\main\java\com\cinema\backend\dto\LoginResponseDTO.java
E:\5\cinema-ticket-booking-system-main\backend\src\main\java\com\cinema\backend\dto\CinemaHallUpdateDTO.java
E:\5\cinema-ticket-booking-system-main\backend\src\main\java\com\cinema\backend\models\Order.java
E:\5\cinema-ticket-booking-system-main\backend\src\main\java\com\cinema\backend\controllers\UserController.java
E:\5\cinema-ticket-booking-system-main\backend\src\main\java\com\cinema\backend\BackendApplication.java
E:\5\cinema-ticket-booking-system-main\backend\src\main\java\com\cinema\backend\models\CinemaHall.java
E:\5\cinema-ticket-booking-system-main\backend\src\main\java\com\cinema\backend\repositories\OrderRepository.java
E:\5\cinema-ticket-booking-system-main\backend\src\main\java\com\cinema\backend\models\User.java
E:\5\cinema-ticket-booking-system-main\backend\src\main\java\com\cinema\backend\controllers\CinemaHallController.java
E:\5\cinema-ticket-booking-system-main\backend\src\main\java\com\cinema\backend\repositories\SeatRepository.java
E:\5\cinema-ticket-booking-system-main\backend\src\main\java\com\cinema\backend\services\UserService.java
E:\5\cinema-ticket-booking-system-main\backend\src\main\java\com\cinema\backend\controllers\OrderController.java
E:\5\cinema-ticket-booking-system-main\backend\src\main\java\com\cinema\backend\models\Seat.java
E:\5\cinema-ticket-booking-system-main\backend\src\main\java\com\cinema\backend\services\CinemaHallService.java
E:\5\cinema-ticket-booking-system-main\backend\src\main\java\com\cinema\backend\repositories\CinemaHallRepository.java
E:\5\cinema-ticket-booking-system-main\backend\src\main\java\com\cinema\backend\repositories\UserRepository.java
E:\5\cinema-ticket-booking-system-main\backend\src\main\java\com\cinema\backend\config\WebConfig.java
